// Jest Snapshot v1, https://goo.gl/fbAQLP

exports[`Hello World 1`] = `
<button
  onClick={[Function]}
>
  Hello World
</button>
`;
